Archive member included because of file (symbol)

/Users/Ish/pebble-dev/PebbleSDK-2.7/Pebble/lib/libpebble.a(tmpu_Elzfpebble.o)
                              src/feature_menu_layer.c.11.o (app_event_loop)

Discarded input sections

 .text          0x0000000000000000        0x0 /Users/Ish/pebble-dev/PebbleSDK-2.7/arm-cs-tools/bin/../lib/gcc/arm-none-eabi/4.7.2/thumb2/crti.o
 .bss           0x0000000000000000        0x0 /Users/Ish/pebble-dev/PebbleSDK-2.7/arm-cs-tools/bin/../lib/gcc/arm-none-eabi/4.7.2/thumb2/crti.o
 .init          0x0000000000000000        0x4 /Users/Ish/pebble-dev/PebbleSDK-2.7/arm-cs-tools/bin/../lib/gcc/arm-none-eabi/4.7.2/thumb2/crti.o
 .fini          0x0000000000000000        0x4 /Users/Ish/pebble-dev/PebbleSDK-2.7/arm-cs-tools/bin/../lib/gcc/arm-none-eabi/4.7.2/thumb2/crti.o
 .text          0x0000000000000000       0xc8 /Users/Ish/pebble-dev/PebbleSDK-2.7/arm-cs-tools/bin/../lib/gcc/arm-none-eabi/4.7.2/thumb2/crtbegin.o
 .bss           0x0000000000000000       0x1c /Users/Ish/pebble-dev/PebbleSDK-2.7/arm-cs-tools/bin/../lib/gcc/arm-none-eabi/4.7.2/thumb2/crtbegin.o
 .init_array    0x0000000000000000        0x4 /Users/Ish/pebble-dev/PebbleSDK-2.7/arm-cs-tools/bin/../lib/gcc/arm-none-eabi/4.7.2/thumb2/crtbegin.o
 .fini_array    0x0000000000000000        0x4 /Users/Ish/pebble-dev/PebbleSDK-2.7/arm-cs-tools/bin/../lib/gcc/arm-none-eabi/4.7.2/thumb2/crtbegin.o
 .eh_frame      0x0000000000000000        0x0 /Users/Ish/pebble-dev/PebbleSDK-2.7/arm-cs-tools/bin/../lib/gcc/arm-none-eabi/4.7.2/thumb2/crtbegin.o
 .jcr           0x0000000000000000        0x0 /Users/Ish/pebble-dev/PebbleSDK-2.7/arm-cs-tools/bin/../lib/gcc/arm-none-eabi/4.7.2/thumb2/crtbegin.o
 .tm_clone_table
                0x0000000000000000        0x0 /Users/Ish/pebble-dev/PebbleSDK-2.7/arm-cs-tools/bin/../lib/gcc/arm-none-eabi/4.7.2/thumb2/crtbegin.o
 .text          0x0000000000000000        0x0 src/feature_menu_layer.c.11.o
 .bss           0x0000000000000000        0x0 src/feature_menu_layer.c.11.o
 .text          0x0000000000000000        0x0 appinfo.auto.c.11.o
 .bss           0x0000000000000000        0x0 appinfo.auto.c.11.o
 .bss           0x0000000000000000        0x0 /Users/Ish/pebble-dev/PebbleSDK-2.7/Pebble/lib/libpebble.a(tmpu_Elzfpebble.o)
 .text.accel_data_service_subscribe__deprecated
                0x0000000000000000        0xc /Users/Ish/pebble-dev/PebbleSDK-2.7/Pebble/lib/libpebble.a(tmpu_Elzfpebble.o)
 .text.accel_data_service_unsubscribe
                0x0000000000000000        0xc /Users/Ish/pebble-dev/PebbleSDK-2.7/Pebble/lib/libpebble.a(tmpu_Elzfpebble.o)
 .text.accel_service_peek
                0x0000000000000000        0xc /Users/Ish/pebble-dev/PebbleSDK-2.7/Pebble/lib/libpebble.a(tmpu_Elzfpebble.o)
 .text.accel_service_set_samples_per_update
                0x0000000000000000        0xc /Users/Ish/pebble-dev/PebbleSDK-2.7/Pebble/lib/libpebble.a(tmpu_Elzfpebble.o)
 .text.accel_service_set_sampling_rate
                0x0000000000000000        0xc /Users/Ish/pebble-dev/PebbleSDK-2.7/Pebble/lib/libpebble.a(tmpu_Elzfpebble.o)
 .text.accel_tap_service_subscribe
                0x0000000000000000        0xc /Users/Ish/pebble-dev/PebbleSDK-2.7/Pebble/lib/libpebble.a(tmpu_Elzfpebble.o)
 .text.accel_tap_service_unsubscribe
                0x0000000000000000        0xc /Users/Ish/pebble-dev/PebbleSDK-2.7/Pebble/lib/libpebble.a(tmpu_Elzfpebble.o)
 .text.action_bar_layer_add_to_window
                0x0000000000000000        0xc /Users/Ish/pebble-dev/PebbleSDK-2.7/Pebble/lib/libpebble.a(tmpu_Elzfpebble.o)
 .text.action_bar_layer_clear_icon
                0x0000000000000000        0xc /Users/Ish/pebble-dev/PebbleSDK-2.7/Pebble/lib/libpebble.a(tmpu_Elzfpebble.o)
 .text.action_bar_layer_create
                0x0000000000000000        0xc /Users/Ish/pebble-dev/PebbleSDK-2.7/Pebble/lib/libpebble.a(tmpu_Elzfpebble.o)
 .text.action_bar_layer_destroy
                0x0000000000000000        0xc /Users/Ish/pebble-dev/PebbleSDK-2.7/Pebble/lib/libpebble.a(tmpu_Elzfpebble.o)
 .text.action_bar_layer_get_layer
                0x0000000000000000        0xc /Users/Ish/pebble-dev/PebbleSDK-2.7/Pebble/lib/libpebble.a(tmpu_Elzfpebble.o)
 .text.action_bar_layer_remove_from_window
                0x0000000000000000        0xc /Users/Ish/pebble-dev/PebbleSDK-2.7/Pebble/lib/libpebble.a(tmpu_Elzfpebble.o)
 .text.action_bar_layer_set_background_color
                0x0000000000000000        0xc /Users/Ish/pebble-dev/PebbleSDK-2.7/Pebble/lib/libpebble.a(tmpu_Elzfpebble.o)
 .text.action_bar_layer_set_click_config_provider
                0x0000000000000000        0xc /Users/Ish/pebble-dev/PebbleSDK-2.7/Pebble/lib/libpebble.a(tmpu_Elzfpebble.o)
 .text.action_bar_layer_set_context
                0x0000000000000000        0xc /Users/Ish/pebble-dev/PebbleSDK-2.7/Pebble/lib/libpebble.a(tmpu_Elzfpebble.o)
 .text.action_bar_layer_set_icon
                0x0000000000000000        0xc /Users/Ish/pebble-dev/PebbleSDK-2.7/Pebble/lib/libpebble.a(tmpu_Elzfpebble.o)
 .text.animation_create
                0x0000000000000000        0xc /Users/Ish/pebble-dev/PebbleSDK-2.7/Pebble/lib/libpebble.a(tmpu_Elzfpebble.o)
 .text.animation_destroy
                0x0000000000000000        0xc /Users/Ish/pebble-dev/PebbleSDK-2.7/Pebble/lib/libpebble.a(tmpu_Elzfpebble.o)
 .text.animation_get_context
                0x0000000000000000        0xc /Users/Ish/pebble-dev/PebbleSDK-2.7/Pebble/lib/libpebble.a(tmpu_Elzfpebble.o)
 .text.animation_is_scheduled
                0x0000000000000000        0xc /Users/Ish/pebble-dev/PebbleSDK-2.7/Pebble/lib/libpebble.a(tmpu_Elzfpebble.o)
 .text.animation_schedule
                0x0000000000000000        0xc /Users/Ish/pebble-dev/PebbleSDK-2.7/Pebble/lib/libpebble.a(tmpu_Elzfpebble.o)
 .text.animation_set_curve
                0x0000000000000000        0xc /Users/Ish/pebble-dev/PebbleSDK-2.7/Pebble/lib/libpebble.a(tmpu_Elzfpebble.o)
 .text.animation_set_delay
                0x0000000000000000        0xc /Users/Ish/pebble-dev/PebbleSDK-2.7/Pebble/lib/libpebble.a(tmpu_Elzfpebble.o)
 .text.animation_set_duration
                0x0000000000000000        0xc /Users/Ish/pebble-dev/PebbleSDK-2.7/Pebble/lib/libpebble.a(tmpu_Elzfpebble.o)
 .text.animation_set_handlers
                0x0000000000000000        0xc /Users/Ish/pebble-dev/PebbleSDK-2.7/Pebble/lib/libpebble.a(tmpu_Elzfpebble.o)
 .text.animation_set_implementation
                0x0000000000000000        0xc /Users/Ish/pebble-dev/PebbleSDK-2.7/Pebble/lib/libpebble.a(tmpu_Elzfpebble.o)
 .text.animation_unschedule
                0x0000000000000000        0xc /Users/Ish/pebble-dev/PebbleSDK-2.7/Pebble/lib/libpebble.a(tmpu_Elzfpebble.o)
 .text.animation_unschedule_all
                0x0000000000000000        0xc /Users/Ish/pebble-dev/PebbleSDK-2.7/Pebble/lib/libpebble.a(tmpu_Elzfpebble.o)
 .text.app_comm_get_sniff_interval
                0x0000000000000000        0xc /Users/Ish/pebble-dev/PebbleSDK-2.7/Pebble/lib/libpebble.a(tmpu_Elzfpebble.o)
 .text.app_comm_set_sniff_interval
                0x0000000000000000        0xc /Users/Ish/pebble-dev/PebbleSDK-2.7/Pebble/lib/libpebble.a(tmpu_Elzfpebble.o)
 .text.app_message_deregister_callbacks
                0x0000000000000000        0xc /Users/Ish/pebble-dev/PebbleSDK-2.7/Pebble/lib/libpebble.a(tmpu_Elzfpebble.o)
 .text.app_sync_deinit
                0x0000000000000000        0xc /Users/Ish/pebble-dev/PebbleSDK-2.7/Pebble/lib/libpebble.a(tmpu_Elzfpebble.o)
 .text.app_sync_get
                0x0000000000000000        0xc /Users/Ish/pebble-dev/PebbleSDK-2.7/Pebble/lib/libpebble.a(tmpu_Elzfpebble.o)
 .text.app_sync_init
                0x0000000000000000        0xc /Users/Ish/pebble-dev/PebbleSDK-2.7/Pebble/lib/libpebble.a(tmpu_Elzfpebble.o)
 .text.app_sync_set
                0x0000000000000000        0xc /Users/Ish/pebble-dev/PebbleSDK-2.7/Pebble/lib/libpebble.a(tmpu_Elzfpebble.o)
 .text.app_timer_cancel
                0x0000000000000000        0xc /Users/Ish/pebble-dev/PebbleSDK-2.7/Pebble/lib/libpebble.a(tmpu_Elzfpebble.o)
 .text.app_timer_register
                0x0000000000000000        0xc /Users/Ish/pebble-dev/PebbleSDK-2.7/Pebble/lib/libpebble.a(tmpu_Elzfpebble.o)
 .text.app_timer_reschedule
                0x0000000000000000        0xc /Users/Ish/pebble-dev/PebbleSDK-2.7/Pebble/lib/libpebble.a(tmpu_Elzfpebble.o)
 .text.atan2_lookup
                0x0000000000000000        0xc /Users/Ish/pebble-dev/PebbleSDK-2.7/Pebble/lib/libpebble.a(tmpu_Elzfpebble.o)
 .text.atoi     0x0000000000000000        0xc /Users/Ish/pebble-dev/PebbleSDK-2.7/Pebble/lib/libpebble.a(tmpu_Elzfpebble.o)
 .text.atol     0x0000000000000000        0xc /Users/Ish/pebble-dev/PebbleSDK-2.7/Pebble/lib/libpebble.a(tmpu_Elzfpebble.o)
 .text.battery_state_service_peek
                0x0000000000000000        0xc /Users/Ish/pebble-dev/PebbleSDK-2.7/Pebble/lib/libpebble.a(tmpu_Elzfpebble.o)
 .text.battery_state_service_subscribe
                0x0000000000000000        0xc /Users/Ish/pebble-dev/PebbleSDK-2.7/Pebble/lib/libpebble.a(tmpu_Elzfpebble.o)
 .text.battery_state_service_unsubscribe
                0x0000000000000000        0xc /Users/Ish/pebble-dev/PebbleSDK-2.7/Pebble/lib/libpebble.a(tmpu_Elzfpebble.o)
 .text.bitmap_layer_create
                0x0000000000000000        0xc /Users/Ish/pebble-dev/PebbleSDK-2.7/Pebble/lib/libpebble.a(tmpu_Elzfpebble.o)
 .text.bitmap_layer_destroy
                0x0000000000000000        0xc /Users/Ish/pebble-dev/PebbleSDK-2.7/Pebble/lib/libpebble.a(tmpu_Elzfpebble.o)
 .text.bitmap_layer_get_layer
                0x0000000000000000        0xc /Users/Ish/pebble-dev/PebbleSDK-2.7/Pebble/lib/libpebble.a(tmpu_Elzfpebble.o)
 .text.bitmap_layer_set_alignment
                0x0000000000000000        0xc /Users/Ish/pebble-dev/PebbleSDK-2.7/Pebble/lib/libpebble.a(tmpu_Elzfpebble.o)
 .text.bitmap_layer_set_background_color
                0x0000000000000000        0xc /Users/Ish/pebble-dev/PebbleSDK-2.7/Pebble/lib/libpebble.a(tmpu_Elzfpebble.o)
 .text.bitmap_layer_set_bitmap
                0x0000000000000000        0xc /Users/Ish/pebble-dev/PebbleSDK-2.7/Pebble/lib/libpebble.a(tmpu_Elzfpebble.o)
 .text.bitmap_layer_set_compositing_mode
                0x0000000000000000        0xc /Users/Ish/pebble-dev/PebbleSDK-2.7/Pebble/lib/libpebble.a(tmpu_Elzfpebble.o)
 .text.bluetooth_connection_service_peek
                0x0000000000000000        0xc /Users/Ish/pebble-dev/PebbleSDK-2.7/Pebble/lib/libpebble.a(tmpu_Elzfpebble.o)
 .text.bluetooth_connection_service_subscribe
                0x0000000000000000        0xc /Users/Ish/pebble-dev/PebbleSDK-2.7/Pebble/lib/libpebble.a(tmpu_Elzfpebble.o)
 .text.bluetooth_connection_service_unsubscribe
                0x0000000000000000        0xc /Users/Ish/pebble-dev/PebbleSDK-2.7/Pebble/lib/libpebble.a(tmpu_Elzfpebble.o)
 .text.click_number_of_clicks_counted
                0x0000000000000000        0xc /Users/Ish/pebble-dev/PebbleSDK-2.7/Pebble/lib/libpebble.a(tmpu_Elzfpebble.o)
 .text.click_recognizer_get_button_id
                0x0000000000000000        0xc /Users/Ish/pebble-dev/PebbleSDK-2.7/Pebble/lib/libpebble.a(tmpu_Elzfpebble.o)
 .text.clock_copy_time_string
                0x0000000000000000        0xc /Users/Ish/pebble-dev/PebbleSDK-2.7/Pebble/lib/libpebble.a(tmpu_Elzfpebble.o)
 .text.clock_is_24h_style
                0x0000000000000000        0xc /Users/Ish/pebble-dev/PebbleSDK-2.7/Pebble/lib/libpebble.a(tmpu_Elzfpebble.o)
 .text.cos_lookup
                0x0000000000000000        0xc /Users/Ish/pebble-dev/PebbleSDK-2.7/Pebble/lib/libpebble.a(tmpu_Elzfpebble.o)
 .text.data_logging_create
                0x0000000000000000        0xc /Users/Ish/pebble-dev/PebbleSDK-2.7/Pebble/lib/libpebble.a(tmpu_Elzfpebble.o)
 .text.data_logging_finish
                0x0000000000000000        0xc /Users/Ish/pebble-dev/PebbleSDK-2.7/Pebble/lib/libpebble.a(tmpu_Elzfpebble.o)
 .text.data_logging_log
                0x0000000000000000        0xc /Users/Ish/pebble-dev/PebbleSDK-2.7/Pebble/lib/libpebble.a(tmpu_Elzfpebble.o)
 .text.dict_calc_buffer_size
                0x0000000000000000        0xc /Users/Ish/pebble-dev/PebbleSDK-2.7/Pebble/lib/libpebble.a(tmpu_Elzfpebble.o)
 .text.dict_calc_buffer_size_from_tuplets
                0x0000000000000000        0xc /Users/Ish/pebble-dev/PebbleSDK-2.7/Pebble/lib/libpebble.a(tmpu_Elzfpebble.o)
 .text.dict_merge
                0x0000000000000000        0xc /Users/Ish/pebble-dev/PebbleSDK-2.7/Pebble/lib/libpebble.a(tmpu_Elzfpebble.o)
 .text.dict_read_begin_from_buffer
                0x0000000000000000        0xc /Users/Ish/pebble-dev/PebbleSDK-2.7/Pebble/lib/libpebble.a(tmpu_Elzfpebble.o)
 .text.dict_read_first
                0x0000000000000000        0xc /Users/Ish/pebble-dev/PebbleSDK-2.7/Pebble/lib/libpebble.a(tmpu_Elzfpebble.o)
 .text.dict_serialize_tuplets
                0x0000000000000000        0xc /Users/Ish/pebble-dev/PebbleSDK-2.7/Pebble/lib/libpebble.a(tmpu_Elzfpebble.o)
 .text.dict_serialize_tuplets_to_buffer__deprecated
                0x0000000000000000        0xc /Users/Ish/pebble-dev/PebbleSDK-2.7/Pebble/lib/libpebble.a(tmpu_Elzfpebble.o)
 .text.dict_serialize_tuplets_to_buffer_with_iter
                0x0000000000000000        0xc /Users/Ish/pebble-dev/PebbleSDK-2.7/Pebble/lib/libpebble.a(tmpu_Elzfpebble.o)
 .text.dict_write_begin
                0x0000000000000000        0xc /Users/Ish/pebble-dev/PebbleSDK-2.7/Pebble/lib/libpebble.a(tmpu_Elzfpebble.o)
 .text.dict_write_cstring
                0x0000000000000000        0xc /Users/Ish/pebble-dev/PebbleSDK-2.7/Pebble/lib/libpebble.a(tmpu_Elzfpebble.o)
 .text.dict_write_data
                0x0000000000000000        0xc /Users/Ish/pebble-dev/PebbleSDK-2.7/Pebble/lib/libpebble.a(tmpu_Elzfpebble.o)
 .text.dict_write_end
                0x0000000000000000        0xc /Users/Ish/pebble-dev/PebbleSDK-2.7/Pebble/lib/libpebble.a(tmpu_Elzfpebble.o)
 .text.dict_write_int
                0x0000000000000000        0xc /Users/Ish/pebble-dev/PebbleSDK-2.7/Pebble/lib/libpebble.a(tmpu_Elzfpebble.o)
 .text.dict_write_int16
                0x0000000000000000        0xc /Users/Ish/pebble-dev/PebbleSDK-2.7/Pebble/lib/libpebble.a(tmpu_Elzfpebble.o)
 .text.dict_write_int32
                0x0000000000000000        0xc /Users/Ish/pebble-dev/PebbleSDK-2.7/Pebble/lib/libpebble.a(tmpu_Elzfpebble.o)
 .text.dict_write_int8
                0x0000000000000000        0xc /Users/Ish/pebble-dev/PebbleSDK-2.7/Pebble/lib/libpebble.a(tmpu_Elzfpebble.o)
 .text.dict_write_tuplet
                0x0000000000000000        0xc /Users/Ish/pebble-dev/PebbleSDK-2.7/Pebble/lib/libpebble.a(tmpu_Elzfpebble.o)
 .text.dict_write_uint16
                0x0000000000000000        0xc /Users/Ish/pebble-dev/PebbleSDK-2.7/Pebble/lib/libpebble.a(tmpu_Elzfpebble.o)
 .text.dict_write_uint32
                0x0000000000000000        0xc /Users/Ish/pebble-dev/PebbleSDK-2.7/Pebble/lib/libpebble.a(tmpu_Elzfpebble.o)
 .text.dict_write_uint8
                0x0000000000000000        0xc /Users/Ish/pebble-dev/PebbleSDK-2.7/Pebble/lib/libpebble.a(tmpu_Elzfpebble.o)
 .text.fonts_get_system_font
                0x0000000000000000        0xc /Users/Ish/pebble-dev/PebbleSDK-2.7/Pebble/lib/libpebble.a(tmpu_Elzfpebble.o)
 .text.fonts_load_custom_font
                0x0000000000000000        0xc /Users/Ish/pebble-dev/PebbleSDK-2.7/Pebble/lib/libpebble.a(tmpu_Elzfpebble.o)
 .text.fonts_unload_custom_font
                0x0000000000000000        0xc /Users/Ish/pebble-dev/PebbleSDK-2.7/Pebble/lib/libpebble.a(tmpu_Elzfpebble.o)
 .text.free     0x0000000000000000        0xc /Users/Ish/pebble-dev/PebbleSDK-2.7/Pebble/lib/libpebble.a(tmpu_Elzfpebble.o)
 .text.gbitmap_create_as_sub_bitmap
                0x0000000000000000        0xc /Users/Ish/pebble-dev/PebbleSDK-2.7/Pebble/lib/libpebble.a(tmpu_Elzfpebble.o)
 .text.gbitmap_create_with_data
                0x0000000000000000        0xc /Users/Ish/pebble-dev/PebbleSDK-2.7/Pebble/lib/libpebble.a(tmpu_Elzfpebble.o)
 .text.gmtime   0x0000000000000000        0xc /Users/Ish/pebble-dev/PebbleSDK-2.7/Pebble/lib/libpebble.a(tmpu_Elzfpebble.o)
 .text.gpath_create
                0x0000000000000000        0xc /Users/Ish/pebble-dev/PebbleSDK-2.7/Pebble/lib/libpebble.a(tmpu_Elzfpebble.o)
 .text.gpath_destroy
                0x0000000000000000        0xc /Users/Ish/pebble-dev/PebbleSDK-2.7/Pebble/lib/libpebble.a(tmpu_Elzfpebble.o)
 .text.gpath_draw_filled_legacy
                0x0000000000000000        0xc /Users/Ish/pebble-dev/PebbleSDK-2.7/Pebble/lib/libpebble.a(tmpu_Elzfpebble.o)
 .text.gpath_draw_outline
                0x0000000000000000        0xc /Users/Ish/pebble-dev/PebbleSDK-2.7/Pebble/lib/libpebble.a(tmpu_Elzfpebble.o)
 .text.gpath_move_to
                0x0000000000000000        0xc /Users/Ish/pebble-dev/PebbleSDK-2.7/Pebble/lib/libpebble.a(tmpu_Elzfpebble.o)
 .text.gpath_rotate_to
                0x0000000000000000        0xc /Users/Ish/pebble-dev/PebbleSDK-2.7/Pebble/lib/libpebble.a(tmpu_Elzfpebble.o)
 .text.gpoint_equal
                0x0000000000000000        0xc /Users/Ish/pebble-dev/PebbleSDK-2.7/Pebble/lib/libpebble.a(tmpu_Elzfpebble.o)
 .text.graphics_context_set_compositing_mode
                0x0000000000000000        0xc /Users/Ish/pebble-dev/PebbleSDK-2.7/Pebble/lib/libpebble.a(tmpu_Elzfpebble.o)
 .text.graphics_context_set_fill_color
                0x0000000000000000        0xc /Users/Ish/pebble-dev/PebbleSDK-2.7/Pebble/lib/libpebble.a(tmpu_Elzfpebble.o)
 .text.graphics_context_set_stroke_color
                0x0000000000000000        0xc /Users/Ish/pebble-dev/PebbleSDK-2.7/Pebble/lib/libpebble.a(tmpu_Elzfpebble.o)
 .text.graphics_context_set_text_color
                0x0000000000000000        0xc /Users/Ish/pebble-dev/PebbleSDK-2.7/Pebble/lib/libpebble.a(tmpu_Elzfpebble.o)
 .text.graphics_draw_bitmap_in_rect
                0x0000000000000000        0xc /Users/Ish/pebble-dev/PebbleSDK-2.7/Pebble/lib/libpebble.a(tmpu_Elzfpebble.o)
 .text.graphics_draw_circle
                0x0000000000000000        0xc /Users/Ish/pebble-dev/PebbleSDK-2.7/Pebble/lib/libpebble.a(tmpu_Elzfpebble.o)
 .text.graphics_draw_line
                0x0000000000000000        0xc /Users/Ish/pebble-dev/PebbleSDK-2.7/Pebble/lib/libpebble.a(tmpu_Elzfpebble.o)
 .text.graphics_draw_pixel
                0x0000000000000000        0xc /Users/Ish/pebble-dev/PebbleSDK-2.7/Pebble/lib/libpebble.a(tmpu_Elzfpebble.o)
 .text.graphics_draw_rect
                0x0000000000000000        0xc /Users/Ish/pebble-dev/PebbleSDK-2.7/Pebble/lib/libpebble.a(tmpu_Elzfpebble.o)
 .text.graphics_draw_round_rect
                0x0000000000000000        0xc /Users/Ish/pebble-dev/PebbleSDK-2.7/Pebble/lib/libpebble.a(tmpu_Elzfpebble.o)
 .text.graphics_fill_circle
                0x0000000000000000        0xc /Users/Ish/pebble-dev/PebbleSDK-2.7/Pebble/lib/libpebble.a(tmpu_Elzfpebble.o)
 .text.graphics_fill_rect
                0x0000000000000000        0xc /Users/Ish/pebble-dev/PebbleSDK-2.7/Pebble/lib/libpebble.a(tmpu_Elzfpebble.o)
 .text.graphics_text_layout_get_max_used_size
                0x0000000000000000        0xc /Users/Ish/pebble-dev/PebbleSDK-2.7/Pebble/lib/libpebble.a(tmpu_Elzfpebble.o)
 .text.grect_align
                0x0000000000000000        0xc /Users/Ish/pebble-dev/PebbleSDK-2.7/Pebble/lib/libpebble.a(tmpu_Elzfpebble.o)
 .text.grect_center_point
                0x0000000000000000        0xc /Users/Ish/pebble-dev/PebbleSDK-2.7/Pebble/lib/libpebble.a(tmpu_Elzfpebble.o)
 .text.grect_clip
                0x0000000000000000        0xc /Users/Ish/pebble-dev/PebbleSDK-2.7/Pebble/lib/libpebble.a(tmpu_Elzfpebble.o)
 .text.grect_contains_point
                0x0000000000000000        0xc /Users/Ish/pebble-dev/PebbleSDK-2.7/Pebble/lib/libpebble.a(tmpu_Elzfpebble.o)
 .text.grect_crop
                0x0000000000000000        0xc /Users/Ish/pebble-dev/PebbleSDK-2.7/Pebble/lib/libpebble.a(tmpu_Elzfpebble.o)
 .text.grect_equal
                0x0000000000000000        0xc /Users/Ish/pebble-dev/PebbleSDK-2.7/Pebble/lib/libpebble.a(tmpu_Elzfpebble.o)
 .text.grect_is_empty
                0x0000000000000000        0xc /Users/Ish/pebble-dev/PebbleSDK-2.7/Pebble/lib/libpebble.a(tmpu_Elzfpebble.o)
 .text.grect_standardize
                0x0000000000000000        0xc /Users/Ish/pebble-dev/PebbleSDK-2.7/Pebble/lib/libpebble.a(tmpu_Elzfpebble.o)
 .text.gsize_equal
                0x0000000000000000        0xc /Users/Ish/pebble-dev/PebbleSDK-2.7/Pebble/lib/libpebble.a(tmpu_Elzfpebble.o)
 .text.inverter_layer_create
                0x0000000000000000        0xc /Users/Ish/pebble-dev/PebbleSDK-2.7/Pebble/lib/libpebble.a(tmpu_Elzfpebble.o)
 .text.inverter_layer_destroy
                0x0000000000000000        0xc /Users/Ish/pebble-dev/PebbleSDK-2.7/Pebble/lib/libpebble.a(tmpu_Elzfpebble.o)
 .text.inverter_layer_get_layer
                0x0000000000000000        0xc /Users/Ish/pebble-dev/PebbleSDK-2.7/Pebble/lib/libpebble.a(tmpu_Elzfpebble.o)
 .text.layer_create
                0x0000000000000000        0xc /Users/Ish/pebble-dev/PebbleSDK-2.7/Pebble/lib/libpebble.a(tmpu_Elzfpebble.o)
 .text.layer_create_with_data
                0x0000000000000000        0xc /Users/Ish/pebble-dev/PebbleSDK-2.7/Pebble/lib/libpebble.a(tmpu_Elzfpebble.o)
 .text.layer_destroy
                0x0000000000000000        0xc /Users/Ish/pebble-dev/PebbleSDK-2.7/Pebble/lib/libpebble.a(tmpu_Elzfpebble.o)
 .text.layer_get_bounds
                0x0000000000000000        0xc /Users/Ish/pebble-dev/PebbleSDK-2.7/Pebble/lib/libpebble.a(tmpu_Elzfpebble.o)
 .text.layer_get_clips
                0x0000000000000000        0xc /Users/Ish/pebble-dev/PebbleSDK-2.7/Pebble/lib/libpebble.a(tmpu_Elzfpebble.o)
 .text.layer_get_data
                0x0000000000000000        0xc /Users/Ish/pebble-dev/PebbleSDK-2.7/Pebble/lib/libpebble.a(tmpu_Elzfpebble.o)
 .text.layer_get_hidden
                0x0000000000000000        0xc /Users/Ish/pebble-dev/PebbleSDK-2.7/Pebble/lib/libpebble.a(tmpu_Elzfpebble.o)
 .text.layer_get_window
                0x0000000000000000        0xc /Users/Ish/pebble-dev/PebbleSDK-2.7/Pebble/lib/libpebble.a(tmpu_Elzfpebble.o)
 .text.layer_insert_above_sibling
                0x0000000000000000        0xc /Users/Ish/pebble-dev/PebbleSDK-2.7/Pebble/lib/libpebble.a(tmpu_Elzfpebble.o)
 .text.layer_insert_below_sibling
                0x0000000000000000        0xc /Users/Ish/pebble-dev/PebbleSDK-2.7/Pebble/lib/libpebble.a(tmpu_Elzfpebble.o)
 .text.layer_remove_child_layers
                0x0000000000000000        0xc /Users/Ish/pebble-dev/PebbleSDK-2.7/Pebble/lib/libpebble.a(tmpu_Elzfpebble.o)
 .text.layer_remove_from_parent
                0x0000000000000000        0xc /Users/Ish/pebble-dev/PebbleSDK-2.7/Pebble/lib/libpebble.a(tmpu_Elzfpebble.o)
 .text.layer_set_bounds
                0x0000000000000000        0xc /Users/Ish/pebble-dev/PebbleSDK-2.7/Pebble/lib/libpebble.a(tmpu_Elzfpebble.o)
 .text.layer_set_clips
                0x0000000000000000        0xc /Users/Ish/pebble-dev/PebbleSDK-2.7/Pebble/lib/libpebble.a(tmpu_Elzfpebble.o)
 .text.layer_set_frame
                0x0000000000000000        0xc /Users/Ish/pebble-dev/PebbleSDK-2.7/Pebble/lib/libpebble.a(tmpu_Elzfpebble.o)
 .text.layer_set_hidden
                0x0000000000000000        0xc /Users/Ish/pebble-dev/PebbleSDK-2.7/Pebble/lib/libpebble.a(tmpu_Elzfpebble.o)
 .text.layer_set_update_proc
                0x0000000000000000        0xc /Users/Ish/pebble-dev/PebbleSDK-2.7/Pebble/lib/libpebble.a(tmpu_Elzfpebble.o)
 .text.light_enable
                0x0000000000000000        0xc /Users/Ish/pebble-dev/PebbleSDK-2.7/Pebble/lib/libpebble.a(tmpu_Elzfpebble.o)
 .text.light_enable_interaction
                0x0000000000000000        0xc /Users/Ish/pebble-dev/PebbleSDK-2.7/Pebble/lib/libpebble.a(tmpu_Elzfpebble.o)
 .text.localtime
                0x0000000000000000        0xc /Users/Ish/pebble-dev/PebbleSDK-2.7/Pebble/lib/libpebble.a(tmpu_Elzfpebble.o)
 .text.memcpy   0x0000000000000000        0xc /Users/Ish/pebble-dev/PebbleSDK-2.7/Pebble/lib/libpebble.a(tmpu_Elzfpebble.o)
 .text.memmove  0x0000000000000000        0xc /Users/Ish/pebble-dev/PebbleSDK-2.7/Pebble/lib/libpebble.a(tmpu_Elzfpebble.o)
 .text.menu_cell_title_draw
                0x0000000000000000        0xc /Users/Ish/pebble-dev/PebbleSDK-2.7/Pebble/lib/libpebble.a(tmpu_Elzfpebble.o)
 .text.menu_index_compare
                0x0000000000000000        0xc /Users/Ish/pebble-dev/PebbleSDK-2.7/Pebble/lib/libpebble.a(tmpu_Elzfpebble.o)
 .text.menu_layer_get_scroll_layer
                0x0000000000000000        0xc /Users/Ish/pebble-dev/PebbleSDK-2.7/Pebble/lib/libpebble.a(tmpu_Elzfpebble.o)
 .text.menu_layer_get_selected_index
                0x0000000000000000        0xc /Users/Ish/pebble-dev/PebbleSDK-2.7/Pebble/lib/libpebble.a(tmpu_Elzfpebble.o)
 .text.menu_layer_reload_data
                0x0000000000000000        0xc /Users/Ish/pebble-dev/PebbleSDK-2.7/Pebble/lib/libpebble.a(tmpu_Elzfpebble.o)
 .text.menu_layer_set_callbacks__deprecated
                0x0000000000000000        0xc /Users/Ish/pebble-dev/PebbleSDK-2.7/Pebble/lib/libpebble.a(tmpu_Elzfpebble.o)
 .text.menu_layer_set_selected_index
                0x0000000000000000        0xc /Users/Ish/pebble-dev/PebbleSDK-2.7/Pebble/lib/libpebble.a(tmpu_Elzfpebble.o)
 .text.menu_layer_set_selected_next
                0x0000000000000000        0xc /Users/Ish/pebble-dev/PebbleSDK-2.7/Pebble/lib/libpebble.a(tmpu_Elzfpebble.o)
 .text.number_window_create
                0x0000000000000000        0xc /Users/Ish/pebble-dev/PebbleSDK-2.7/Pebble/lib/libpebble.a(tmpu_Elzfpebble.o)
 .text.number_window_destroy
                0x0000000000000000        0xc /Users/Ish/pebble-dev/PebbleSDK-2.7/Pebble/lib/libpebble.a(tmpu_Elzfpebble.o)
 .text.number_window_get_value
                0x0000000000000000        0xc /Users/Ish/pebble-dev/PebbleSDK-2.7/Pebble/lib/libpebble.a(tmpu_Elzfpebble.o)
 .text.number_window_set_label
                0x0000000000000000        0xc /Users/Ish/pebble-dev/PebbleSDK-2.7/Pebble/lib/libpebble.a(tmpu_Elzfpebble.o)
 .text.number_window_set_max
                0x0000000000000000        0xc /Users/Ish/pebble-dev/PebbleSDK-2.7/Pebble/lib/libpebble.a(tmpu_Elzfpebble.o)
 .text.number_window_set_min
                0x0000000000000000        0xc /Users/Ish/pebble-dev/PebbleSDK-2.7/Pebble/lib/libpebble.a(tmpu_Elzfpebble.o)
 .text.number_window_set_step_size
                0x0000000000000000        0xc /Users/Ish/pebble-dev/PebbleSDK-2.7/Pebble/lib/libpebble.a(tmpu_Elzfpebble.o)
 .text.number_window_set_value
                0x0000000000000000        0xc /Users/Ish/pebble-dev/PebbleSDK-2.7/Pebble/lib/libpebble.a(tmpu_Elzfpebble.o)
 .text.persist_delete
                0x0000000000000000        0xc /Users/Ish/pebble-dev/PebbleSDK-2.7/Pebble/lib/libpebble.a(tmpu_Elzfpebble.o)
 .text.persist_exists
                0x0000000000000000        0xc /Users/Ish/pebble-dev/PebbleSDK-2.7/Pebble/lib/libpebble.a(tmpu_Elzfpebble.o)
 .text.persist_get_size
                0x0000000000000000        0xc /Users/Ish/pebble-dev/PebbleSDK-2.7/Pebble/lib/libpebble.a(tmpu_Elzfpebble.o)
 .text.persist_read_bool
                0x0000000000000000        0xc /Users/Ish/pebble-dev/PebbleSDK-2.7/Pebble/lib/libpebble.a(tmpu_Elzfpebble.o)
 .text.persist_read_data__deprecated
                0x0000000000000000        0xc /Users/Ish/pebble-dev/PebbleSDK-2.7/Pebble/lib/libpebble.a(tmpu_Elzfpebble.o)
 .text.persist_read_int
                0x0000000000000000        0xc /Users/Ish/pebble-dev/PebbleSDK-2.7/Pebble/lib/libpebble.a(tmpu_Elzfpebble.o)
 .text.persist_read_string__deprecated
                0x0000000000000000        0xc /Users/Ish/pebble-dev/PebbleSDK-2.7/Pebble/lib/libpebble.a(tmpu_Elzfpebble.o)
 .text.persist_write_bool
                0x0000000000000000        0xc /Users/Ish/pebble-dev/PebbleSDK-2.7/Pebble/lib/libpebble.a(tmpu_Elzfpebble.o)
 .text.persist_write_data__deprecated
                0x0000000000000000        0xc /Users/Ish/pebble-dev/PebbleSDK-2.7/Pebble/lib/libpebble.a(tmpu_Elzfpebble.o)
 .text.persist_write_int
                0x0000000000000000        0xc /Users/Ish/pebble-dev/PebbleSDK-2.7/Pebble/lib/libpebble.a(tmpu_Elzfpebble.o)
 .text.persist_write_string
                0x0000000000000000        0xc /Users/Ish/pebble-dev/PebbleSDK-2.7/Pebble/lib/libpebble.a(tmpu_Elzfpebble.o)
 .text.property_animation_create
                0x0000000000000000        0xc /Users/Ish/pebble-dev/PebbleSDK-2.7/Pebble/lib/libpebble.a(tmpu_Elzfpebble.o)
 .text.property_animation_create_layer_frame
                0x0000000000000000        0xc /Users/Ish/pebble-dev/PebbleSDK-2.7/Pebble/lib/libpebble.a(tmpu_Elzfpebble.o)
 .text.property_animation_destroy
                0x0000000000000000        0xc /Users/Ish/pebble-dev/PebbleSDK-2.7/Pebble/lib/libpebble.a(tmpu_Elzfpebble.o)
 .text.property_animation_update_gpoint
                0x0000000000000000        0xc /Users/Ish/pebble-dev/PebbleSDK-2.7/Pebble/lib/libpebble.a(tmpu_Elzfpebble.o)
 .text.property_animation_update_grect
                0x0000000000000000        0xc /Users/Ish/pebble-dev/PebbleSDK-2.7/Pebble/lib/libpebble.a(tmpu_Elzfpebble.o)
 .text.property_animation_update_int16
                0x0000000000000000        0xc /Users/Ish/pebble-dev/PebbleSDK-2.7/Pebble/lib/libpebble.a(tmpu_Elzfpebble.o)
 .text.psleep   0x0000000000000000        0xc /Users/Ish/pebble-dev/PebbleSDK-2.7/Pebble/lib/libpebble.a(tmpu_Elzfpebble.o)
 .text.rand     0x0000000000000000        0xc /Users/Ish/pebble-dev/PebbleSDK-2.7/Pebble/lib/libpebble.a(tmpu_Elzfpebble.o)
 .text.resource_get_handle
                0x0000000000000000        0xc /Users/Ish/pebble-dev/PebbleSDK-2.7/Pebble/lib/libpebble.a(tmpu_Elzfpebble.o)
 .text.resource_load
                0x0000000000000000        0xc /Users/Ish/pebble-dev/PebbleSDK-2.7/Pebble/lib/libpebble.a(tmpu_Elzfpebble.o)
 .text.resource_load_byte_range
                0x0000000000000000        0xc /Users/Ish/pebble-dev/PebbleSDK-2.7/Pebble/lib/libpebble.a(tmpu_Elzfpebble.o)
 .text.resource_size
                0x0000000000000000        0xc /Users/Ish/pebble-dev/PebbleSDK-2.7/Pebble/lib/libpebble.a(tmpu_Elzfpebble.o)
 .text.rot_bitmap_layer_create
                0x0000000000000000        0xc /Users/Ish/pebble-dev/PebbleSDK-2.7/Pebble/lib/libpebble.a(tmpu_Elzfpebble.o)
 .text.rot_bitmap_layer_destroy
                0x0000000000000000        0xc /Users/Ish/pebble-dev/PebbleSDK-2.7/Pebble/lib/libpebble.a(tmpu_Elzfpebble.o)
 .text.rot_bitmap_layer_increment_angle
                0x0000000000000000        0xc /Users/Ish/pebble-dev/PebbleSDK-2.7/Pebble/lib/libpebble.a(tmpu_Elzfpebble.o)
 .text.rot_bitmap_layer_set_angle
                0x0000000000000000        0xc /Users/Ish/pebble-dev/PebbleSDK-2.7/Pebble/lib/libpebble.a(tmpu_Elzfpebble.o)
 .text.rot_bitmap_layer_set_corner_clip_color
                0x0000000000000000        0xc /Users/Ish/pebble-dev/PebbleSDK-2.7/Pebble/lib/libpebble.a(tmpu_Elzfpebble.o)
 .text.rot_bitmap_set_compositing_mode
                0x0000000000000000        0xc /Users/Ish/pebble-dev/PebbleSDK-2.7/Pebble/lib/libpebble.a(tmpu_Elzfpebble.o)
 .text.rot_bitmap_set_src_ic
                0x0000000000000000        0xc /Users/Ish/pebble-dev/PebbleSDK-2.7/Pebble/lib/libpebble.a(tmpu_Elzfpebble.o)
 .text.scroll_layer_add_child
                0x0000000000000000        0xc /Users/Ish/pebble-dev/PebbleSDK-2.7/Pebble/lib/libpebble.a(tmpu_Elzfpebble.o)
 .text.scroll_layer_create
                0x0000000000000000        0xc /Users/Ish/pebble-dev/PebbleSDK-2.7/Pebble/lib/libpebble.a(tmpu_Elzfpebble.o)
 .text.scroll_layer_destroy
                0x0000000000000000        0xc /Users/Ish/pebble-dev/PebbleSDK-2.7/Pebble/lib/libpebble.a(tmpu_Elzfpebble.o)
 .text.scroll_layer_get_content_offset
                0x0000000000000000        0xc /Users/Ish/pebble-dev/PebbleSDK-2.7/Pebble/lib/libpebble.a(tmpu_Elzfpebble.o)
 .text.scroll_layer_get_content_size
                0x0000000000000000        0xc /Users/Ish/pebble-dev/PebbleSDK-2.7/Pebble/lib/libpebble.a(tmpu_Elzfpebble.o)
 .text.scroll_layer_get_layer
                0x0000000000000000        0xc /Users/Ish/pebble-dev/PebbleSDK-2.7/Pebble/lib/libpebble.a(tmpu_Elzfpebble.o)
 .text.scroll_layer_get_shadow_hidden
                0x0000000000000000        0xc /Users/Ish/pebble-dev/PebbleSDK-2.7/Pebble/lib/libpebble.a(tmpu_Elzfpebble.o)
 .text.scroll_layer_scroll_down_click_handler
                0x0000000000000000        0xc /Users/Ish/pebble-dev/PebbleSDK-2.7/Pebble/lib/libpebble.a(tmpu_Elzfpebble.o)
 .text.scroll_layer_scroll_up_click_handler
                0x0000000000000000        0xc /Users/Ish/pebble-dev/PebbleSDK-2.7/Pebble/lib/libpebble.a(tmpu_Elzfpebble.o)
 .text.scroll_layer_set_callbacks
                0x0000000000000000        0xc /Users/Ish/pebble-dev/PebbleSDK-2.7/Pebble/lib/libpebble.a(tmpu_Elzfpebble.o)
 .text.scroll_layer_set_click_config_onto_window
                0x0000000000000000        0xc /Users/Ish/pebble-dev/PebbleSDK-2.7/Pebble/lib/libpebble.a(tmpu_Elzfpebble.o)
 .text.scroll_layer_set_content_offset
                0x0000000000000000        0xc /Users/Ish/pebble-dev/PebbleSDK-2.7/Pebble/lib/libpebble.a(tmpu_Elzfpebble.o)
 .text.scroll_layer_set_content_size
                0x0000000000000000        0xc /Users/Ish/pebble-dev/PebbleSDK-2.7/Pebble/lib/libpebble.a(tmpu_Elzfpebble.o)
 .text.scroll_layer_set_context
                0x0000000000000000        0xc /Users/Ish/pebble-dev/PebbleSDK-2.7/Pebble/lib/libpebble.a(tmpu_Elzfpebble.o)
 .text.scroll_layer_set_frame
                0x0000000000000000        0xc /Users/Ish/pebble-dev/PebbleSDK-2.7/Pebble/lib/libpebble.a(tmpu_Elzfpebble.o)
 .text.scroll_layer_set_shadow_hidden
                0x0000000000000000        0xc /Users/Ish/pebble-dev/PebbleSDK-2.7/Pebble/lib/libpebble.a(tmpu_Elzfpebble.o)
 .text.simple_menu_layer_create
                0x0000000000000000        0xc /Users/Ish/pebble-dev/PebbleSDK-2.7/Pebble/lib/libpebble.a(tmpu_Elzfpebble.o)
 .text.simple_menu_layer_destroy
                0x0000000000000000        0xc /Users/Ish/pebble-dev/PebbleSDK-2.7/Pebble/lib/libpebble.a(tmpu_Elzfpebble.o)
 .text.simple_menu_layer_get_layer
                0x0000000000000000        0xc /Users/Ish/pebble-dev/PebbleSDK-2.7/Pebble/lib/libpebble.a(tmpu_Elzfpebble.o)
 .text.simple_menu_layer_get_selected_index
                0x0000000000000000        0xc /Users/Ish/pebble-dev/PebbleSDK-2.7/Pebble/lib/libpebble.a(tmpu_Elzfpebble.o)
 .text.simple_menu_layer_set_selected_index
                0x0000000000000000        0xc /Users/Ish/pebble-dev/PebbleSDK-2.7/Pebble/lib/libpebble.a(tmpu_Elzfpebble.o)
 .text.sin_lookup
                0x0000000000000000        0xc /Users/Ish/pebble-dev/PebbleSDK-2.7/Pebble/lib/libpebble.a(tmpu_Elzfpebble.o)
 .text.snprintf
                0x0000000000000000        0xc /Users/Ish/pebble-dev/PebbleSDK-2.7/Pebble/lib/libpebble.a(tmpu_Elzfpebble.o)
 .text.srand    0x0000000000000000        0xc /Users/Ish/pebble-dev/PebbleSDK-2.7/Pebble/lib/libpebble.a(tmpu_Elzfpebble.o)
 .text.strcat   0x0000000000000000        0xc /Users/Ish/pebble-dev/PebbleSDK-2.7/Pebble/lib/libpebble.a(tmpu_Elzfpebble.o)
 .text.strcmp   0x0000000000000000        0xc /Users/Ish/pebble-dev/PebbleSDK-2.7/Pebble/lib/libpebble.a(tmpu_Elzfpebble.o)
 .text.strcpy   0x0000000000000000        0xc /Users/Ish/pebble-dev/PebbleSDK-2.7/Pebble/lib/libpebble.a(tmpu_Elzfpebble.o)
 .text.strftime
                0x0000000000000000        0xc /Users/Ish/pebble-dev/PebbleSDK-2.7/Pebble/lib/libpebble.a(tmpu_Elzfpebble.o)
 .text.strlen   0x0000000000000000        0xc /Users/Ish/pebble-dev/PebbleSDK-2.7/Pebble/lib/libpebble.a(tmpu_Elzfpebble.o)
 .text.strncat  0x0000000000000000        0xc /Users/Ish/pebble-dev/PebbleSDK-2.7/Pebble/lib/libpebble.a(tmpu_Elzfpebble.o)
 .text.strncmp  0x0000000000000000        0xc /Users/Ish/pebble-dev/PebbleSDK-2.7/Pebble/lib/libpebble.a(tmpu_Elzfpebble.o)
 .text.text_layer_create
                0x0000000000000000        0xc /Users/Ish/pebble-dev/PebbleSDK-2.7/Pebble/lib/libpebble.a(tmpu_Elzfpebble.o)
 .text.text_layer_destroy
                0x0000000000000000        0xc /Users/Ish/pebble-dev/PebbleSDK-2.7/Pebble/lib/libpebble.a(tmpu_Elzfpebble.o)
 .text.text_layer_get_content_size
                0x0000000000000000        0xc /Users/Ish/pebble-dev/PebbleSDK-2.7/Pebble/lib/libpebble.a(tmpu_Elzfpebble.o)
 .text.text_layer_get_layer
                0x0000000000000000        0xc /Users/Ish/pebble-dev/PebbleSDK-2.7/Pebble/lib/libpebble.a(tmpu_Elzfpebble.o)
 .text.text_layer_get_text
                0x0000000000000000        0xc /Users/Ish/pebble-dev/PebbleSDK-2.7/Pebble/lib/libpebble.a(tmpu_Elzfpebble.o)
 .text.text_layer_set_background_color
                0x0000000000000000        0xc /Users/Ish/pebble-dev/PebbleSDK-2.7/Pebble/lib/libpebble.a(tmpu_Elzfpebble.o)
 .text.text_layer_set_font
                0x0000000000000000        0xc /Users/Ish/pebble-dev/PebbleSDK-2.7/Pebble/lib/libpebble.a(tmpu_Elzfpebble.o)
 .text.text_layer_set_overflow_mode
                0x0000000000000000        0xc /Users/Ish/pebble-dev/PebbleSDK-2.7/Pebble/lib/libpebble.a(tmpu_Elzfpebble.o)
 .text.text_layer_set_size
                0x0000000000000000        0xc /Users/Ish/pebble-dev/PebbleSDK-2.7/Pebble/lib/libpebble.a(tmpu_Elzfpebble.o)
 .text.text_layer_set_text
                0x0000000000000000        0xc /Users/Ish/pebble-dev/PebbleSDK-2.7/Pebble/lib/libpebble.a(tmpu_Elzfpebble.o)
 .text.text_layer_set_text_alignment
                0x0000000000000000        0xc /Users/Ish/pebble-dev/PebbleSDK-2.7/Pebble/lib/libpebble.a(tmpu_Elzfpebble.o)
 .text.text_layer_set_text_color
                0x0000000000000000        0xc /Users/Ish/pebble-dev/PebbleSDK-2.7/Pebble/lib/libpebble.a(tmpu_Elzfpebble.o)
 .text.tick_timer_service_subscribe
                0x0000000000000000        0xc /Users/Ish/pebble-dev/PebbleSDK-2.7/Pebble/lib/libpebble.a(tmpu_Elzfpebble.o)
 .text.tick_timer_service_unsubscribe
                0x0000000000000000        0xc /Users/Ish/pebble-dev/PebbleSDK-2.7/Pebble/lib/libpebble.a(tmpu_Elzfpebble.o)
 .text.time     0x0000000000000000        0xc /Users/Ish/pebble-dev/PebbleSDK-2.7/Pebble/lib/libpebble.a(tmpu_Elzfpebble.o)
 .text.time_ms  0x0000000000000000        0xc /Users/Ish/pebble-dev/PebbleSDK-2.7/Pebble/lib/libpebble.a(tmpu_Elzfpebble.o)
 .text.vibes_cancel
                0x0000000000000000        0xc /Users/Ish/pebble-dev/PebbleSDK-2.7/Pebble/lib/libpebble.a(tmpu_Elzfpebble.o)
 .text.vibes_double_pulse
                0x0000000000000000        0xc /Users/Ish/pebble-dev/PebbleSDK-2.7/Pebble/lib/libpebble.a(tmpu_Elzfpebble.o)
 .text.vibes_enqueue_custom_pattern
                0x0000000000000000        0xc /Users/Ish/pebble-dev/PebbleSDK-2.7/Pebble/lib/libpebble.a(tmpu_Elzfpebble.o)
 .text.vibes_long_pulse
                0x0000000000000000        0xc /Users/Ish/pebble-dev/PebbleSDK-2.7/Pebble/lib/libpebble.a(tmpu_Elzfpebble.o)
 .text.vibes_short_pulse
                0x0000000000000000        0xc /Users/Ish/pebble-dev/PebbleSDK-2.7/Pebble/lib/libpebble.a(tmpu_Elzfpebble.o)
 .text.window_get_click_config_provider
                0x0000000000000000        0xc /Users/Ish/pebble-dev/PebbleSDK-2.7/Pebble/lib/libpebble.a(tmpu_Elzfpebble.o)
 .text.window_get_fullscreen
                0x0000000000000000        0xc /Users/Ish/pebble-dev/PebbleSDK-2.7/Pebble/lib/libpebble.a(tmpu_Elzfpebble.o)
 .text.window_is_loaded
                0x0000000000000000        0xc /Users/Ish/pebble-dev/PebbleSDK-2.7/Pebble/lib/libpebble.a(tmpu_Elzfpebble.o)
 .text.window_set_background_color
                0x0000000000000000        0xc /Users/Ish/pebble-dev/PebbleSDK-2.7/Pebble/lib/libpebble.a(tmpu_Elzfpebble.o)
 .text.window_set_click_config_provider
                0x0000000000000000        0xc /Users/Ish/pebble-dev/PebbleSDK-2.7/Pebble/lib/libpebble.a(tmpu_Elzfpebble.o)
 .text.window_set_click_config_provider_with_context
                0x0000000000000000        0xc /Users/Ish/pebble-dev/PebbleSDK-2.7/Pebble/lib/libpebble.a(tmpu_Elzfpebble.o)
 .text.window_set_fullscreen
                0x0000000000000000        0xc /Users/Ish/pebble-dev/PebbleSDK-2.7/Pebble/lib/libpebble.a(tmpu_Elzfpebble.o)
 .text.window_set_status_bar_icon
                0x0000000000000000        0xc /Users/Ish/pebble-dev/PebbleSDK-2.7/Pebble/lib/libpebble.a(tmpu_Elzfpebble.o)
 .text.window_stack_contains_window
                0x0000000000000000        0xc /Users/Ish/pebble-dev/PebbleSDK-2.7/Pebble/lib/libpebble.a(tmpu_Elzfpebble.o)
 .text.window_stack_get_top_window
                0x0000000000000000        0xc /Users/Ish/pebble-dev/PebbleSDK-2.7/Pebble/lib/libpebble.a(tmpu_Elzfpebble.o)
 .text.window_stack_pop
                0x0000000000000000        0xc /Users/Ish/pebble-dev/PebbleSDK-2.7/Pebble/lib/libpebble.a(tmpu_Elzfpebble.o)
 .text.window_stack_pop_all
                0x0000000000000000        0xc /Users/Ish/pebble-dev/PebbleSDK-2.7/Pebble/lib/libpebble.a(tmpu_Elzfpebble.o)
 .text.window_stack_remove
                0x0000000000000000        0xc /Users/Ish/pebble-dev/PebbleSDK-2.7/Pebble/lib/libpebble.a(tmpu_Elzfpebble.o)
 .text.app_focus_service_subscribe
                0x0000000000000000        0xc /Users/Ish/pebble-dev/PebbleSDK-2.7/Pebble/lib/libpebble.a(tmpu_Elzfpebble.o)
 .text.app_focus_service_unsubscribe
                0x0000000000000000        0xc /Users/Ish/pebble-dev/PebbleSDK-2.7/Pebble/lib/libpebble.a(tmpu_Elzfpebble.o)
 .text.window_get_user_data
                0x0000000000000000        0xc /Users/Ish/pebble-dev/PebbleSDK-2.7/Pebble/lib/libpebble.a(tmpu_Elzfpebble.o)
 .text.window_set_user_data
                0x0000000000000000        0xc /Users/Ish/pebble-dev/PebbleSDK-2.7/Pebble/lib/libpebble.a(tmpu_Elzfpebble.o)
 .text.app_message_get_context
                0x0000000000000000        0xc /Users/Ish/pebble-dev/PebbleSDK-2.7/Pebble/lib/libpebble.a(tmpu_Elzfpebble.o)
 .text.app_message_inbox_size_maximum
                0x0000000000000000        0xc /Users/Ish/pebble-dev/PebbleSDK-2.7/Pebble/lib/libpebble.a(tmpu_Elzfpebble.o)
 .text.app_message_outbox_begin
                0x0000000000000000        0xc /Users/Ish/pebble-dev/PebbleSDK-2.7/Pebble/lib/libpebble.a(tmpu_Elzfpebble.o)
 .text.app_message_outbox_send
                0x0000000000000000        0xc /Users/Ish/pebble-dev/PebbleSDK-2.7/Pebble/lib/libpebble.a(tmpu_Elzfpebble.o)
 .text.app_message_outbox_size_maximum
                0x0000000000000000        0xc /Users/Ish/pebble-dev/PebbleSDK-2.7/Pebble/lib/libpebble.a(tmpu_Elzfpebble.o)
 .text.app_message_set_context
                0x0000000000000000        0xc /Users/Ish/pebble-dev/PebbleSDK-2.7/Pebble/lib/libpebble.a(tmpu_Elzfpebble.o)
 .text.window_long_click_subscribe
                0x0000000000000000        0xc /Users/Ish/pebble-dev/PebbleSDK-2.7/Pebble/lib/libpebble.a(tmpu_Elzfpebble.o)
 .text.window_multi_click_subscribe
                0x0000000000000000        0xc /Users/Ish/pebble-dev/PebbleSDK-2.7/Pebble/lib/libpebble.a(tmpu_Elzfpebble.o)
 .text.window_raw_click_subscribe
                0x0000000000000000        0xc /Users/Ish/pebble-dev/PebbleSDK-2.7/Pebble/lib/libpebble.a(tmpu_Elzfpebble.o)
 .text.window_set_click_context
                0x0000000000000000        0xc /Users/Ish/pebble-dev/PebbleSDK-2.7/Pebble/lib/libpebble.a(tmpu_Elzfpebble.o)
 .text.window_single_click_subscribe
                0x0000000000000000        0xc /Users/Ish/pebble-dev/PebbleSDK-2.7/Pebble/lib/libpebble.a(tmpu_Elzfpebble.o)
 .text.window_single_repeating_click_subscribe
                0x0000000000000000        0xc /Users/Ish/pebble-dev/PebbleSDK-2.7/Pebble/lib/libpebble.a(tmpu_Elzfpebble.o)
 .text.graphics_draw_text
                0x0000000000000000        0xc /Users/Ish/pebble-dev/PebbleSDK-2.7/Pebble/lib/libpebble.a(tmpu_Elzfpebble.o)
 .text.dict_serialize_tuplets_to_buffer
                0x0000000000000000        0xc /Users/Ish/pebble-dev/PebbleSDK-2.7/Pebble/lib/libpebble.a(tmpu_Elzfpebble.o)
 .text.persist_read_data
                0x0000000000000000        0xc /Users/Ish/pebble-dev/PebbleSDK-2.7/Pebble/lib/libpebble.a(tmpu_Elzfpebble.o)
 .text.persist_read_string
                0x0000000000000000        0xc /Users/Ish/pebble-dev/PebbleSDK-2.7/Pebble/lib/libpebble.a(tmpu_Elzfpebble.o)
 .text.persist_write_data
                0x0000000000000000        0xc /Users/Ish/pebble-dev/PebbleSDK-2.7/Pebble/lib/libpebble.a(tmpu_Elzfpebble.o)
 .text.dict_size
                0x0000000000000000        0xc /Users/Ish/pebble-dev/PebbleSDK-2.7/Pebble/lib/libpebble.a(tmpu_Elzfpebble.o)
 .text.graphics_text_layout_get_content_size
                0x0000000000000000        0xc /Users/Ish/pebble-dev/PebbleSDK-2.7/Pebble/lib/libpebble.a(tmpu_Elzfpebble.o)
 .text.simple_menu_layer_get_menu_layer
                0x0000000000000000        0xc /Users/Ish/pebble-dev/PebbleSDK-2.7/Pebble/lib/libpebble.a(tmpu_Elzfpebble.o)
 .text.accel_data_service_subscribe
                0x0000000000000000        0xc /Users/Ish/pebble-dev/PebbleSDK-2.7/Pebble/lib/libpebble.a(tmpu_Elzfpebble.o)
 .text.calloc   0x0000000000000000        0xc /Users/Ish/pebble-dev/PebbleSDK-2.7/Pebble/lib/libpebble.a(tmpu_Elzfpebble.o)
 .text.bitmap_layer_get_bitmap
                0x0000000000000000        0xc /Users/Ish/pebble-dev/PebbleSDK-2.7/Pebble/lib/libpebble.a(tmpu_Elzfpebble.o)
 .text.window_get_click_config_context
                0x0000000000000000        0xc /Users/Ish/pebble-dev/PebbleSDK-2.7/Pebble/lib/libpebble.a(tmpu_Elzfpebble.o)
 .text.number_window_get_window
                0x0000000000000000        0xc /Users/Ish/pebble-dev/PebbleSDK-2.7/Pebble/lib/libpebble.a(tmpu_Elzfpebble.o)
 .text.realloc  0x0000000000000000        0xc /Users/Ish/pebble-dev/PebbleSDK-2.7/Pebble/lib/libpebble.a(tmpu_Elzfpebble.o)
 .text.gbitmap_create_blank
                0x0000000000000000        0xc /Users/Ish/pebble-dev/PebbleSDK-2.7/Pebble/lib/libpebble.a(tmpu_Elzfpebble.o)
 .text.click_recognizer_is_repeating
                0x0000000000000000        0xc /Users/Ish/pebble-dev/PebbleSDK-2.7/Pebble/lib/libpebble.a(tmpu_Elzfpebble.o)
 .text.accel_raw_data_service_subscribe
                0x0000000000000000        0xc /Users/Ish/pebble-dev/PebbleSDK-2.7/Pebble/lib/libpebble.a(tmpu_Elzfpebble.o)
 .text.app_worker_is_running
                0x0000000000000000        0xc /Users/Ish/pebble-dev/PebbleSDK-2.7/Pebble/lib/libpebble.a(tmpu_Elzfpebble.o)
 .text.app_worker_kill
                0x0000000000000000        0xc /Users/Ish/pebble-dev/PebbleSDK-2.7/Pebble/lib/libpebble.a(tmpu_Elzfpebble.o)
 .text.app_worker_launch
                0x0000000000000000        0xc /Users/Ish/pebble-dev/PebbleSDK-2.7/Pebble/lib/libpebble.a(tmpu_Elzfpebble.o)
 .text.app_worker_message_subscribe
                0x0000000000000000        0xc /Users/Ish/pebble-dev/PebbleSDK-2.7/Pebble/lib/libpebble.a(tmpu_Elzfpebble.o)
 .text.app_worker_message_unsubscribe
                0x0000000000000000        0xc /Users/Ish/pebble-dev/PebbleSDK-2.7/Pebble/lib/libpebble.a(tmpu_Elzfpebble.o)
 .text.app_worker_send_message
                0x0000000000000000        0xc /Users/Ish/pebble-dev/PebbleSDK-2.7/Pebble/lib/libpebble.a(tmpu_Elzfpebble.o)
 .text.worker_event_loop
                0x0000000000000000        0xc /Users/Ish/pebble-dev/PebbleSDK-2.7/Pebble/lib/libpebble.a(tmpu_Elzfpebble.o)
 .text.worker_launch_app
                0x0000000000000000        0xc /Users/Ish/pebble-dev/PebbleSDK-2.7/Pebble/lib/libpebble.a(tmpu_Elzfpebble.o)
 .text.heap_bytes_free
                0x0000000000000000        0xc /Users/Ish/pebble-dev/PebbleSDK-2.7/Pebble/lib/libpebble.a(tmpu_Elzfpebble.o)
 .text.heap_bytes_used
                0x0000000000000000        0xc /Users/Ish/pebble-dev/PebbleSDK-2.7/Pebble/lib/libpebble.a(tmpu_Elzfpebble.o)
 .text.compass_service_peek
                0x0000000000000000        0xc /Users/Ish/pebble-dev/PebbleSDK-2.7/Pebble/lib/libpebble.a(tmpu_Elzfpebble.o)
 .text.compass_service_set_heading_filter
                0x0000000000000000        0xc /Users/Ish/pebble-dev/PebbleSDK-2.7/Pebble/lib/libpebble.a(tmpu_Elzfpebble.o)
 .text.compass_service_subscribe
                0x0000000000000000        0xc /Users/Ish/pebble-dev/PebbleSDK-2.7/Pebble/lib/libpebble.a(tmpu_Elzfpebble.o)
 .text.compass_service_unsubscribe
                0x0000000000000000        0xc /Users/Ish/pebble-dev/PebbleSDK-2.7/Pebble/lib/libpebble.a(tmpu_Elzfpebble.o)
 .text.uuid_equal
                0x0000000000000000        0xc /Users/Ish/pebble-dev/PebbleSDK-2.7/Pebble/lib/libpebble.a(tmpu_Elzfpebble.o)
 .text.uuid_to_string
                0x0000000000000000        0xc /Users/Ish/pebble-dev/PebbleSDK-2.7/Pebble/lib/libpebble.a(tmpu_Elzfpebble.o)
 .text.gpath_draw_filled
                0x0000000000000000        0xc /Users/Ish/pebble-dev/PebbleSDK-2.7/Pebble/lib/libpebble.a(tmpu_Elzfpebble.o)
 .text.animation_set_custom_curve
                0x0000000000000000        0xc /Users/Ish/pebble-dev/PebbleSDK-2.7/Pebble/lib/libpebble.a(tmpu_Elzfpebble.o)
 .text.watch_info_get_color
                0x0000000000000000        0xc /Users/Ish/pebble-dev/PebbleSDK-2.7/Pebble/lib/libpebble.a(tmpu_Elzfpebble.o)
 .text.watch_info_get_firmware_version
                0x0000000000000000        0xc /Users/Ish/pebble-dev/PebbleSDK-2.7/Pebble/lib/libpebble.a(tmpu_Elzfpebble.o)
 .text.watch_info_get_model
                0x0000000000000000        0xc /Users/Ish/pebble-dev/PebbleSDK-2.7/Pebble/lib/libpebble.a(tmpu_Elzfpebble.o)
 .text.graphics_capture_frame_buffer
                0x0000000000000000        0xc /Users/Ish/pebble-dev/PebbleSDK-2.7/Pebble/lib/libpebble.a(tmpu_Elzfpebble.o)
 .text.graphics_frame_buffer_is_captured
                0x0000000000000000        0xc /Users/Ish/pebble-dev/PebbleSDK-2.7/Pebble/lib/libpebble.a(tmpu_Elzfpebble.o)
 .text.graphics_release_frame_buffer
                0x0000000000000000        0xc /Users/Ish/pebble-dev/PebbleSDK-2.7/Pebble/lib/libpebble.a(tmpu_Elzfpebble.o)
 .text.clock_to_timestamp
                0x0000000000000000        0xc /Users/Ish/pebble-dev/PebbleSDK-2.7/Pebble/lib/libpebble.a(tmpu_Elzfpebble.o)
 .text.launch_reason
                0x0000000000000000        0xc /Users/Ish/pebble-dev/PebbleSDK-2.7/Pebble/lib/libpebble.a(tmpu_Elzfpebble.o)
 .text.wakeup_cancel
                0x0000000000000000        0xc /Users/Ish/pebble-dev/PebbleSDK-2.7/Pebble/lib/libpebble.a(tmpu_Elzfpebble.o)
 .text.wakeup_cancel_all
                0x0000000000000000        0xc /Users/Ish/pebble-dev/PebbleSDK-2.7/Pebble/lib/libpebble.a(tmpu_Elzfpebble.o)
 .text.wakeup_get_launch_event
                0x0000000000000000        0xc /Users/Ish/pebble-dev/PebbleSDK-2.7/Pebble/lib/libpebble.a(tmpu_Elzfpebble.o)
 .text.wakeup_query
                0x0000000000000000        0xc /Users/Ish/pebble-dev/PebbleSDK-2.7/Pebble/lib/libpebble.a(tmpu_Elzfpebble.o)
 .text.wakeup_schedule
                0x0000000000000000        0xc /Users/Ish/pebble-dev/PebbleSDK-2.7/Pebble/lib/libpebble.a(tmpu_Elzfpebble.o)
 .text.wakeup_service_subscribe
                0x0000000000000000        0xc /Users/Ish/pebble-dev/PebbleSDK-2.7/Pebble/lib/libpebble.a(tmpu_Elzfpebble.o)
 .text.clock_is_timezone_set
                0x0000000000000000        0xc /Users/Ish/pebble-dev/PebbleSDK-2.7/Pebble/lib/libpebble.a(tmpu_Elzfpebble.o)
 .text          0x0000000000000000        0x0 /Users/Ish/pebble-dev/PebbleSDK-2.7/arm-cs-tools/bin/../lib/gcc/arm-none-eabi/4.7.2/thumb2/crtend.o
 .bss           0x0000000000000000        0x0 /Users/Ish/pebble-dev/PebbleSDK-2.7/arm-cs-tools/bin/../lib/gcc/arm-none-eabi/4.7.2/thumb2/crtend.o
 .eh_frame      0x0000000000000000        0x4 /Users/Ish/pebble-dev/PebbleSDK-2.7/arm-cs-tools/bin/../lib/gcc/arm-none-eabi/4.7.2/thumb2/crtend.o
 .jcr           0x0000000000000000        0x4 /Users/Ish/pebble-dev/PebbleSDK-2.7/arm-cs-tools/bin/../lib/gcc/arm-none-eabi/4.7.2/thumb2/crtend.o
 .tm_clone_table
                0x0000000000000000        0x0 /Users/Ish/pebble-dev/PebbleSDK-2.7/arm-cs-tools/bin/../lib/gcc/arm-none-eabi/4.7.2/thumb2/crtend.o
 .text          0x0000000000000000        0x0 /Users/Ish/pebble-dev/PebbleSDK-2.7/arm-cs-tools/bin/../lib/gcc/arm-none-eabi/4.7.2/thumb2/crtn.o
 .bss           0x0000000000000000        0x0 /Users/Ish/pebble-dev/PebbleSDK-2.7/arm-cs-tools/bin/../lib/gcc/arm-none-eabi/4.7.2/thumb2/crtn.o
 .init          0x0000000000000000        0x8 /Users/Ish/pebble-dev/PebbleSDK-2.7/arm-cs-tools/bin/../lib/gcc/arm-none-eabi/4.7.2/thumb2/crtn.o
 .fini          0x0000000000000000        0x8 /Users/Ish/pebble-dev/PebbleSDK-2.7/arm-cs-tools/bin/../lib/gcc/arm-none-eabi/4.7.2/thumb2/crtn.o

Memory Configuration

Name             Origin             Length             Attributes
APP              0x0000000000000000 0x0000000000006000 xrw
*default*        0x0000000000000000 0xffffffffffffffff

Linker script and memory map

LOAD /Users/Ish/pebble-dev/PebbleSDK-2.7/arm-cs-tools/bin/../lib/gcc/arm-none-eabi/4.7.2/thumb2/crti.o
LOAD /Users/Ish/pebble-dev/PebbleSDK-2.7/arm-cs-tools/bin/../lib/gcc/arm-none-eabi/4.7.2/thumb2/crtbegin.o
LOAD src/feature_menu_layer.c.11.o
LOAD appinfo.auto.c.11.o
LOAD /Users/Ish/pebble-dev/PebbleSDK-2.7/Pebble/lib/libpebble.a
START GROUP
LOAD /Users/Ish/pebble-dev/PebbleSDK-2.7/arm-cs-tools/bin/../lib/gcc/arm-none-eabi/4.7.2/thumb2/libgcc.a
LOAD /Users/Ish/pebble-dev/PebbleSDK-2.7/arm-cs-tools/bin/../lib/gcc/arm-none-eabi/4.7.2/../../../../arm-none-eabi/lib/thumb2/libc.a
END GROUP
LOAD /Users/Ish/pebble-dev/PebbleSDK-2.7/arm-cs-tools/bin/../lib/gcc/arm-none-eabi/4.7.2/thumb2/crtend.o
LOAD /Users/Ish/pebble-dev/PebbleSDK-2.7/arm-cs-tools/bin/../lib/gcc/arm-none-eabi/4.7.2/thumb2/crtn.o

.header         0x0000000000000000       0x82
 *(.pbl_header)
 .pbl_header    0x0000000000000000       0x82 appinfo.auto.c.11.o
                0x0000000000000000                __pbl_app_info

.text           0x0000000000000084      0x93d
 *(.text)
 .text          0x0000000000000084       0x14 /Users/Ish/pebble-dev/PebbleSDK-2.7/Pebble/lib/libpebble.a(tmpu_Elzfpebble.o)
 *(.text.*)
 .text.out_sent_handler
                0x0000000000000098        0x2 src/feature_menu_layer.c.11.o
                0x0000000000000098                out_sent_handler
 .text.menu_get_num_sections_callback
                0x000000000000009a        0x4 src/feature_menu_layer.c.11.o
 *fill*         0x000000000000009e        0x2 
 .text.menu_get_num_rows_callback
                0x00000000000000a0       0x14 src/feature_menu_layer.c.11.o
 .text.menu_get_header_height_callback
                0x00000000000000b4        0x4 src/feature_menu_layer.c.11.o
 .text.window_unload
                0x00000000000000b8       0x3c src/feature_menu_layer.c.11.o
                0x00000000000000b8                window_unload
 .text.window_load
                0x00000000000000f4       0xe0 src/feature_menu_layer.c.11.o
                0x00000000000000f4                window_load
 .text.menu_draw_header_callback
                0x00000000000001d4       0x20 src/feature_menu_layer.c.11.o
 .text.in_dropped_handler
                0x00000000000001f4       0x20 src/feature_menu_layer.c.11.o
                0x00000000000001f4                in_dropped_handler
 .text.out_failed_handler
                0x0000000000000214       0x20 src/feature_menu_layer.c.11.o
                0x0000000000000214                out_failed_handler
 .text.in_received_handler
                0x0000000000000234      0x1d8 src/feature_menu_layer.c.11.o
                0x0000000000000234                in_received_handler
 .text.menu_draw_row_callback
                0x000000000000040c      0x17c src/feature_menu_layer.c.11.o
 .text.menu_select_callback
                0x0000000000000588       0x30 src/feature_menu_layer.c.11.o
                0x0000000000000588                menu_select_callback
 .text.startup.main
                0x00000000000005b8       0xb0 src/feature_menu_layer.c.11.o
                0x00000000000005b8                main
 .text.app_event_loop
                0x0000000000000668        0xc /Users/Ish/pebble-dev/PebbleSDK-2.7/Pebble/lib/libpebble.a(tmpu_Elzfpebble.o)
                0x0000000000000668                app_event_loop
 .text.app_log  0x0000000000000674        0xc /Users/Ish/pebble-dev/PebbleSDK-2.7/Pebble/lib/libpebble.a(tmpu_Elzfpebble.o)
                0x0000000000000674                app_log
 .text.app_message_open
                0x0000000000000680        0xc /Users/Ish/pebble-dev/PebbleSDK-2.7/Pebble/lib/libpebble.a(tmpu_Elzfpebble.o)
                0x0000000000000680                app_message_open
 .text.dict_find
                0x000000000000068c        0xc /Users/Ish/pebble-dev/PebbleSDK-2.7/Pebble/lib/libpebble.a(tmpu_Elzfpebble.o)
                0x000000000000068c                dict_find
 .text.dict_read_next
                0x0000000000000698        0xc /Users/Ish/pebble-dev/PebbleSDK-2.7/Pebble/lib/libpebble.a(tmpu_Elzfpebble.o)
                0x0000000000000698                dict_read_next
 .text.gbitmap_create_with_resource
                0x00000000000006a4        0xc /Users/Ish/pebble-dev/PebbleSDK-2.7/Pebble/lib/libpebble.a(tmpu_Elzfpebble.o)
                0x00000000000006a4                gbitmap_create_with_resource
 .text.gbitmap_destroy
                0x00000000000006b0        0xc /Users/Ish/pebble-dev/PebbleSDK-2.7/Pebble/lib/libpebble.a(tmpu_Elzfpebble.o)
                0x00000000000006b0                gbitmap_destroy
 .text.layer_add_child
                0x00000000000006bc        0xc /Users/Ish/pebble-dev/PebbleSDK-2.7/Pebble/lib/libpebble.a(tmpu_Elzfpebble.o)
                0x00000000000006bc                layer_add_child
 .text.layer_get_frame
                0x00000000000006c8        0xc /Users/Ish/pebble-dev/PebbleSDK-2.7/Pebble/lib/libpebble.a(tmpu_Elzfpebble.o)
                0x00000000000006c8                layer_get_frame
 .text.layer_mark_dirty
                0x00000000000006d4        0xc /Users/Ish/pebble-dev/PebbleSDK-2.7/Pebble/lib/libpebble.a(tmpu_Elzfpebble.o)
                0x00000000000006d4                layer_mark_dirty
 .text.malloc   0x00000000000006e0        0xc /Users/Ish/pebble-dev/PebbleSDK-2.7/Pebble/lib/libpebble.a(tmpu_Elzfpebble.o)
                0x00000000000006e0                malloc
 .text.memset   0x00000000000006ec        0xc /Users/Ish/pebble-dev/PebbleSDK-2.7/Pebble/lib/libpebble.a(tmpu_Elzfpebble.o)
                0x00000000000006ec                memset
 .text.menu_cell_basic_draw
                0x00000000000006f8        0xc /Users/Ish/pebble-dev/PebbleSDK-2.7/Pebble/lib/libpebble.a(tmpu_Elzfpebble.o)
                0x00000000000006f8                menu_cell_basic_draw
 .text.menu_cell_basic_header_draw
                0x0000000000000704        0xc /Users/Ish/pebble-dev/PebbleSDK-2.7/Pebble/lib/libpebble.a(tmpu_Elzfpebble.o)
                0x0000000000000704                menu_cell_basic_header_draw
 .text.menu_layer_create
                0x0000000000000710        0xc /Users/Ish/pebble-dev/PebbleSDK-2.7/Pebble/lib/libpebble.a(tmpu_Elzfpebble.o)
                0x0000000000000710                menu_layer_create
 .text.menu_layer_destroy
                0x000000000000071c        0xc /Users/Ish/pebble-dev/PebbleSDK-2.7/Pebble/lib/libpebble.a(tmpu_Elzfpebble.o)
                0x000000000000071c                menu_layer_destroy
 .text.menu_layer_get_layer
                0x0000000000000728        0xc /Users/Ish/pebble-dev/PebbleSDK-2.7/Pebble/lib/libpebble.a(tmpu_Elzfpebble.o)
                0x0000000000000728                menu_layer_get_layer
 .text.menu_layer_set_click_config_onto_window
                0x0000000000000734        0xc /Users/Ish/pebble-dev/PebbleSDK-2.7/Pebble/lib/libpebble.a(tmpu_Elzfpebble.o)
                0x0000000000000734                menu_layer_set_click_config_onto_window
 .text.strncpy  0x0000000000000740        0xc /Users/Ish/pebble-dev/PebbleSDK-2.7/Pebble/lib/libpebble.a(tmpu_Elzfpebble.o)
                0x0000000000000740                strncpy
 .text.window_create
                0x000000000000074c        0xc /Users/Ish/pebble-dev/PebbleSDK-2.7/Pebble/lib/libpebble.a(tmpu_Elzfpebble.o)
                0x000000000000074c                window_create
 .text.window_destroy
                0x0000000000000758        0xc /Users/Ish/pebble-dev/PebbleSDK-2.7/Pebble/lib/libpebble.a(tmpu_Elzfpebble.o)
                0x0000000000000758                window_destroy
 .text.window_get_root_layer
                0x0000000000000764        0xc /Users/Ish/pebble-dev/PebbleSDK-2.7/Pebble/lib/libpebble.a(tmpu_Elzfpebble.o)
                0x0000000000000764                window_get_root_layer
 .text.window_set_window_handlers
                0x0000000000000770        0xc /Users/Ish/pebble-dev/PebbleSDK-2.7/Pebble/lib/libpebble.a(tmpu_Elzfpebble.o)
                0x0000000000000770                window_set_window_handlers
 .text.window_stack_push
                0x000000000000077c        0xc /Users/Ish/pebble-dev/PebbleSDK-2.7/Pebble/lib/libpebble.a(tmpu_Elzfpebble.o)
                0x000000000000077c                window_stack_push
 .text.app_message_register_inbox_dropped
                0x0000000000000788        0xc /Users/Ish/pebble-dev/PebbleSDK-2.7/Pebble/lib/libpebble.a(tmpu_Elzfpebble.o)
                0x0000000000000788                app_message_register_inbox_dropped
 .text.app_message_register_inbox_received
                0x0000000000000794        0xc /Users/Ish/pebble-dev/PebbleSDK-2.7/Pebble/lib/libpebble.a(tmpu_Elzfpebble.o)
                0x0000000000000794                app_message_register_inbox_received
 .text.app_message_register_outbox_failed
                0x00000000000007a0        0xc /Users/Ish/pebble-dev/PebbleSDK-2.7/Pebble/lib/libpebble.a(tmpu_Elzfpebble.o)
                0x00000000000007a0                app_message_register_outbox_failed
 .text.app_message_register_outbox_sent
                0x00000000000007ac        0xc /Users/Ish/pebble-dev/PebbleSDK-2.7/Pebble/lib/libpebble.a(tmpu_Elzfpebble.o)
                0x00000000000007ac                app_message_register_outbox_sent
 .text.menu_layer_set_callbacks
                0x00000000000007b8        0xc /Users/Ish/pebble-dev/PebbleSDK-2.7/Pebble/lib/libpebble.a(tmpu_Elzfpebble.o)
                0x00000000000007b8                menu_layer_set_callbacks
 *(.rodata)
 *(.rodata*)
 .rodata.str1.1
                0x00000000000007c4      0x1fb src/feature_menu_layer.c.11.o
                                        0x210 (size before relaxing)
 .rodata.CSWTCH.26
                0x00000000000009bf        0x2 src/feature_menu_layer.c.11.o

.glue_7         0x00000000000009c4        0x0
 .glue_7        0x0000000000000000        0x0 linker stubs

.glue_7t        0x00000000000009c4        0x0
 .glue_7t       0x0000000000000000        0x0 linker stubs

.vfp11_veneer   0x00000000000009c4        0x0
 .vfp11_veneer  0x0000000000000000        0x0 linker stubs

.v4_bx          0x00000000000009c4        0x0
 .v4_bx         0x0000000000000000        0x0 linker stubs

.iplt           0x00000000000009c4        0x0
 .iplt          0x0000000000000000        0x0 /Users/Ish/pebble-dev/PebbleSDK-2.7/arm-cs-tools/bin/../lib/gcc/arm-none-eabi/4.7.2/thumb2/crtbegin.o

.rel.dyn        0x00000000000009c4        0x0
 .rel.iplt      0x0000000000000000        0x0 /Users/Ish/pebble-dev/PebbleSDK-2.7/arm-cs-tools/bin/../lib/gcc/arm-none-eabi/4.7.2/thumb2/crtbegin.o

.data           0x00000000000009c4       0xbc
 *(.data)
 .data          0x00000000000009c4        0x0 /Users/Ish/pebble-dev/PebbleSDK-2.7/arm-cs-tools/bin/../lib/gcc/arm-none-eabi/4.7.2/thumb2/crti.o
 .data          0x00000000000009c4        0x4 /Users/Ish/pebble-dev/PebbleSDK-2.7/arm-cs-tools/bin/../lib/gcc/arm-none-eabi/4.7.2/thumb2/crtbegin.o
                0x00000000000009c4                __dso_handle
 .data          0x00000000000009c8        0x0 src/feature_menu_layer.c.11.o
 .data          0x00000000000009c8        0x0 appinfo.auto.c.11.o
 .data          0x00000000000009c8        0x0 /Users/Ish/pebble-dev/PebbleSDK-2.7/Pebble/lib/libpebble.a(tmpu_Elzfpebble.o)
 .data          0x00000000000009c8        0x0 /Users/Ish/pebble-dev/PebbleSDK-2.7/arm-cs-tools/bin/../lib/gcc/arm-none-eabi/4.7.2/thumb2/crtend.o
 .data          0x00000000000009c8        0x0 /Users/Ish/pebble-dev/PebbleSDK-2.7/arm-cs-tools/bin/../lib/gcc/arm-none-eabi/4.7.2/thumb2/crtn.o
 *(.data.*)
 .data.rel.local.values
                0x00000000000009c8       0x7c src/feature_menu_layer.c.11.o
                0x00000000000009c8                values
 .data.rel.local.routes
                0x0000000000000a44       0x3c src/feature_menu_layer.c.11.o
                0x0000000000000a44                routes

.igot.plt       0x0000000000000a80        0x0
 .igot.plt      0x0000000000000000        0x0 /Users/Ish/pebble-dev/PebbleSDK-2.7/arm-cs-tools/bin/../lib/gcc/arm-none-eabi/4.7.2/thumb2/crtbegin.o

.bss            0x0000000000000a80       0x2c
 *(.bss)
 *(.bss.*)
 .bss.arrivalTimes
                0x0000000000000a80        0x4 src/feature_menu_layer.c.11.o
 .bss.window    0x0000000000000a84        0x4 src/feature_menu_layer.c.11.o
 .bss.menu_layer
                0x0000000000000a88        0x4 src/feature_menu_layer.c.11.o
 .bss.buses     0x0000000000000a8c        0x4 src/feature_menu_layer.c.11.o
 .bss.menu_icons
                0x0000000000000a90        0xc src/feature_menu_layer.c.11.o
 .bss.current_icon
                0x0000000000000a9c        0x4 src/feature_menu_layer.c.11.o
 .bss.title     0x0000000000000aa0        0x4 src/feature_menu_layer.c.11.o
 .bss.menu_background
                0x0000000000000aa4        0x4 src/feature_menu_layer.c.11.o
 .bss.counter   0x0000000000000aa8        0x4 src/feature_menu_layer.c.11.o

DISCARD
 libc.a(*)
 libm.a(*)
 libgcc.a(*)
 *(.eh_frame)
OUTPUT(/Users/Ish/Documents/Programming/Pebble Development/PebbleMenu/build/pebble-app.elf elf32-littlearm)

.ARM.attributes
                0x0000000000000000       0x27
 .ARM.attributes
                0x0000000000000000       0x19 /Users/Ish/pebble-dev/PebbleSDK-2.7/arm-cs-tools/bin/../lib/gcc/arm-none-eabi/4.7.2/thumb2/crti.o
 .ARM.attributes
                0x0000000000000019       0x29 /Users/Ish/pebble-dev/PebbleSDK-2.7/arm-cs-tools/bin/../lib/gcc/arm-none-eabi/4.7.2/thumb2/crtbegin.o
 .ARM.attributes
                0x0000000000000042       0x33 src/feature_menu_layer.c.11.o
 .ARM.attributes
                0x0000000000000075       0x33 appinfo.auto.c.11.o
 .ARM.attributes
                0x00000000000000a8       0x21 /Users/Ish/pebble-dev/PebbleSDK-2.7/Pebble/lib/libpebble.a(tmpu_Elzfpebble.o)
 .ARM.attributes
                0x00000000000000c9       0x29 /Users/Ish/pebble-dev/PebbleSDK-2.7/arm-cs-tools/bin/../lib/gcc/arm-none-eabi/4.7.2/thumb2/crtend.o
 .ARM.attributes
                0x00000000000000f2       0x19 /Users/Ish/pebble-dev/PebbleSDK-2.7/arm-cs-tools/bin/../lib/gcc/arm-none-eabi/4.7.2/thumb2/crtn.o

.comment        0x0000000000000000       0x4e
 .comment       0x0000000000000000       0x4e /Users/Ish/pebble-dev/PebbleSDK-2.7/arm-cs-tools/bin/../lib/gcc/arm-none-eabi/4.7.2/thumb2/crtbegin.o
                                         0x4f (size before relaxing)
 .comment       0x0000000000000000       0x4f src/feature_menu_layer.c.11.o
 .comment       0x0000000000000000       0x4f appinfo.auto.c.11.o
 .comment       0x0000000000000000       0x4f /Users/Ish/pebble-dev/PebbleSDK-2.7/arm-cs-tools/bin/../lib/gcc/arm-none-eabi/4.7.2/thumb2/crtend.o

.debug_info     0x0000000000000000     0x17d9
 .debug_info    0x0000000000000000     0x14bf src/feature_menu_layer.c.11.o
 .debug_info    0x00000000000014bf      0x31a appinfo.auto.c.11.o

.debug_abbrev   0x0000000000000000      0x4a4
 .debug_abbrev  0x0000000000000000      0x406 src/feature_menu_layer.c.11.o
 .debug_abbrev  0x0000000000000406       0x9e appinfo.auto.c.11.o

.debug_loc      0x0000000000000000      0x77d
 .debug_loc     0x0000000000000000      0x77d src/feature_menu_layer.c.11.o

.debug_aranges  0x0000000000000000       0x98
 .debug_aranges
                0x0000000000000000       0x80 src/feature_menu_layer.c.11.o
 .debug_aranges
                0x0000000000000080       0x18 appinfo.auto.c.11.o

.debug_ranges   0x0000000000000000       0xd8
 .debug_ranges  0x0000000000000000       0xd8 src/feature_menu_layer.c.11.o

.debug_line     0x0000000000000000      0x4a8
 .debug_line    0x0000000000000000      0x390 src/feature_menu_layer.c.11.o
 .debug_line    0x0000000000000390      0x118 appinfo.auto.c.11.o

.debug_str      0x0000000000000000      0xc9a
 .debug_str     0x0000000000000000      0xb43 src/feature_menu_layer.c.11.o
                                        0xbf8 (size before relaxing)
 .debug_str     0x0000000000000b43      0x157 appinfo.auto.c.11.o
                                        0x326 (size before relaxing)

.debug_frame    0x0000000000000000      0x154
 .debug_frame   0x0000000000000000      0x154 src/feature_menu_layer.c.11.o
